// 重构日志: 1fa34ddb
// 重构日志: b727db6f
// 重构日志: f834a4b3
// 同步 ID: 821e142b @ Tue Jul 14 11:34:04 UTC 2026
// 同步 ID: 485fac66 @ Wed Jul 15 03:47:36 UTC 2026
// 重构日志: 42c643c6
// 重构日志: 329b16a7
// 重构日志: e8a172c5
// 重构日志: d053a5e7
// 重构日志: bcaefb1d
// 重构日志: 342fda1c
// 重构日志: 9de03b07
// 重构日志: 048aaf58
// 重构日志: f47fe2af
// 重构日志: a77f4057
// 同步 ID: 021cbf10 @ Sat Jul 18 04:15:09 UTC 2026
// 重构日志: a83b2faa
// 重构日志: 43960a6c
// 同步 ID: 78e53857 @ Sat Jul 18 16:26:29 UTC 2026
// 重构日志: a76bd47f
// 重构日志: 42af3b8a
// 重构日志: 3df86a15
// 重构日志: 353990e7
// 重构日志: 268769b5
// 重构日志: b51b07ae
// 重构日志: 0f6bc100
// 同步 ID: 259878de @ Sat Jul 25 18:02:45 UTC 2026
// 重构日志: 965bbfc3
// 重构日志: 6659dbdf
// 同步 ID: c324e982 @ Sun Jul 26 12:09:26 UTC 2026
// 重构日志: dc227542
// 重构日志: 813cca59
// 重构日志: b35820f1
